
### set_ffts_base_addr((uint64_t)281473345558176);

[set_ffts_base_addr] unsupported
[S] [RECV_INST] set_ffts_base_addr type 7
[S] [EXECUTE] set_ffts_base_addr type 7
[S] [STAT] Recv 1 PC 1
[V] [STAT] Recv 0 PC 0
[M] [STAT] Recv 0 PC 0
[MTE1] [STAT] Recv 0 PC 0
[MTE2] [STAT] Recv 0 PC 0
[MTE3] [STAT] Recv 0 PC 0
[ALL] [STAT] Recv 0 PC 0
[ALL] [TBUF_STAT] ---------- tbuf used stat ----------
[ALL] [TBUF_STAT] ---------- tbuf used stat ----------
[ALL] [TBUF_STAT] ---------- tbuf init stat ----------
[ALL] [TBUF_STAT] ---------- tbuf init stat ----------
[MTE4] [STAT] Recv 0 PC 0
[MTE5] [STAT] Recv 0 PC 0
[V2] [STAT] Recv 0 PC 0
[FIX] [STAT] Recv 0 PC 0
[Executor] [STAT] codes 1
