Script started on 2026-08-21 14:34:06+08:00 [TERM="dumb" TTY="/dev/pts/0" COLUMNS="120" LINES="40"]
+ date '+%F %T %Z'
2026-08-21 14:34:06 CST
+ sed -n 1,15p /usr/local/Ascend/ascend-toolkit/latest/compiler/version.info
Version=9.0.0
version_dir=cann
required_package_runtime_version="9.0"
required_package_ge-executor_version="9.0"
required_package_metadef_version="9.0"
required_package_opbase_version="9.0"
required_package_bisheng-compiler_version="9.0"
required_package_tbe-tik_version="9.0"
timestamp=20260428_134817545
+ npu-smi info
+--------------------------------------------------------------------------------------------------------+
| npu-smi 25.5.2                                   Version: 25.5.2                                       |
+-------------------------------+-----------------+------------------------------------------------------+
| NPU     Name                  | Health          | Power(W)     Temp(C)           Hugepages-Usage(page) |
| Chip    Device                | Bus-Id          | AICore(%)    Memory-Usage(MB)                        |
+===============================+=================+======================================================+
| 5       310P3                 | OK              | NA           52                0     / 0             |
| 0       0                     | 0000:96:00.0    | 0            1901 / 44213                            |
+===============================+=================+======================================================+
+-------------------------------+-----------------+------------------------------------------------------+
| NPU     Chip                  | Process id      | Process name             | Process memory(MB)        |
+===============================+=================+======================================================+
| No running processes found in NPU 5                                                                    |
+===============================+=================+======================================================+
+ ./execute_div_op
float16 result is:
0.5 0.5 0.5 0.5 0.5 0.5 0.5 0.5 0.5 0.5 
float16 test pass
float32 result is:
0.5 0.5 0.5 0.5 0.5 0.5 0.5 0.5 0.5 0.5 
float32 test pass

Script done on 2026-08-21 14:34:08+08:00 [COMMAND_EXIT_CODE="0"]

